> Task :compileJava
> Task :processResources NO-SOURCE
> Task :classes
> Task :compileTestJava
> Task :processTestResources
> Task :testClasses

> Task :test

TestRunner > Cucumber > Checkout places an order > com.shopkart.runner.TestRunner.Customer checks out successfully FAILED
    java.net.ConnectException at null:-2
.\gradlew.bat : 
At line:1 char:53
+ ... cts\Week6'; .\gradlew.bat test --tests com.shopkart.runner.TestRunner ...
+                 ~~~~~~~~~~~~~~~~~~~~~~~~~~~~~~~~~~~~~~~~~~~~~~~~~~~~~~~~~
    + CategoryInfo          : NotSpecified: (:String) [], RemoteException
    + FullyQualifiedErrorId : NativeCommandError
 
8 tests completed, 1 failed, 7 skipped

> Task :test FAILED

FAILURE: Build failed with an exception.

* What went wrong:
Execution failed for task ':test'.
> There were failing tests. See the report at: 
file:///C:/Users/272816/IdeaProjects/Week6/build/reports/tests/test/index.html

* Try:
> Run with --scan to get full insights.

BUILD FAILED in 16s
4 actionable tasks: 4 executed
